INFO:faiss.loader:Loading faiss with AVX2 support.
INFO:faiss.loader:Successfully loaded faiss with AVX2 support.
len images: 2105
INFO:timm.models._helpers:Loaded state_dict_ema from checkpoint '/home/rtcalumby/adam/luciano/PlantCLEF2025/PlantCLEF2025/pretrained_models/vit_base_patch14_reg4_dinov2_lvd142m_pc24_onlyclassifier_then_all/model_best.pth.tar'
INFO:timm.models._helpers:Loaded state_dict_ema from checkpoint '/home/rtcalumby/adam/luciano/PlantCLEF2025/PlantCLEF2025/pretrained_models/vit_base_patch14_reg4_dinov2_lvd142m_pc24_onlyclassifier_then_all/model_best.pth.tar'
Test dataset created for rank 0 world_size:  1
Loading Vision Transformer: PilotVisionTransformer(
  (patch_embed): VisionTransformer(
    (patch_embed): PatchEmbed(
      (proj): Conv2d(3, 768, kernel_size=(14, 14), stride=(14, 14))
      (norm): Identity()
    )
    (pos_drop): Dropout(p=0.0, inplace=False)
    (patch_drop): Identity()
    (norm_pre): Identity()
    (blocks): Sequential(
      (0): Block(
        (norm1): LayerNorm((768,), eps=1e-06, elementwise_affine=True)
        (attn): Attention(
          (qkv): Linear(in_features=768, out_features=2304, bias=True)
          (q_norm): Identity()
          (k_norm): Identity()
          (attn_drop): Dropout(p=0.0, inplace=False)
          (proj): Linear(in_features=768, out_features=768, bias=True)
          (proj_drop): Dropout(p=0.0, inplace=False)
        )
        (ls1): LayerScale()
        (drop_path1): Identity()
        (norm2): LayerNorm((768,), eps=1e-06, elementwise_affine=True)
        (mlp): Mlp(
          (fc1): Linear(in_features=768, out_features=3072, bias=True)
          (act): GELU(approximate='none')
          (drop1): Dropout(p=0.0, inplace=False)
          (norm): Identity()
          (fc2): Linear(in_features=3072, out_features=768, bias=True)
          (drop2): Dropout(p=0.0, inplace=False)
        )
        (ls2): LayerScale()
        (drop_path2): Identity()
      )
      (1): Block(
        (norm1): LayerNorm((768,), eps=1e-06, elementwise_affine=True)
        (attn): Attention(
          (qkv): Linear(in_features=768, out_features=2304, bias=True)
          (q_norm): Identity()
          (k_norm): Identity()
          (attn_drop): Dropout(p=0.0, inplace=False)
          (proj): Linear(in_features=768, out_features=768, bias=True)
          (proj_drop): Dropout(p=0.0, inplace=False)
        )
        (ls1): LayerScale()
        (drop_path1): Identity()
        (norm2): LayerNorm((768,), eps=1e-06, elementwise_affine=True)
        (mlp): Mlp(
          (fc1): Linear(in_features=768, out_features=3072, bias=True)
          (act): GELU(approximate='none')
          (drop1): Dropout(p=0.0, inplace=False)
          (norm): Identity()
          (fc2): Linear(in_features=3072, out_features=768, bias=True)
          (drop2): Dropout(p=0.0, inplace=False)
        )
        (ls2): LayerScale()
        (drop_path2): Identity()
      )
      (2): Block(
        (norm1): LayerNorm((768,), eps=1e-06, elementwise_affine=True)
        (attn): Attention(
          (qkv): Linear(in_features=768, out_features=2304, bias=True)
          (q_norm): Identity()
          (k_norm): Identity()
          (attn_drop): Dropout(p=0.0, inplace=False)
          (proj): Linear(in_features=768, out_features=768, bias=True)
          (proj_drop): Dropout(p=0.0, inplace=False)
        )
        (ls1): LayerScale()
        (drop_path1): Identity()
        (norm2): LayerNorm((768,), eps=1e-06, elementwise_affine=True)
        (mlp): Mlp(
          (fc1): Linear(in_features=768, out_features=3072, bias=True)
          (act): GELU(approximate='none')
          (drop1): Dropout(p=0.0, inplace=False)
          (norm): Identity()
          (fc2): Linear(in_features=3072, out_features=768, bias=True)
          (drop2): Dropout(p=0.0, inplace=False)
        )
        (ls2): LayerScale()
        (drop_path2): Identity()
      )
      (3): Block(
        (norm1): LayerNorm((768,), eps=1e-06, elementwise_affine=True)
        (attn): Attention(
          (qkv): Linear(in_features=768, out_features=2304, bias=True)
          (q_norm): Identity()
          (k_norm): Identity()
          (attn_drop): Dropout(p=0.0, inplace=False)
          (proj): Linear(in_features=768, out_features=768, bias=True)
          (proj_drop): Dropout(p=0.0, inplace=False)
        )
        (ls1): LayerScale()
        (drop_path1): Identity()
        (norm2): LayerNorm((768,), eps=1e-06, elementwise_affine=True)
        (mlp): Mlp(
          (fc1): Linear(in_features=768, out_features=3072, bias=True)
          (act): GELU(approximate='none')
          (drop1): Dropout(p=0.0, inplace=False)
          (norm): Identity()
          (fc2): Linear(in_features=3072, out_features=768, bias=True)
          (drop2): Dropout(p=0.0, inplace=False)
        )
        (ls2): LayerScale()
        (drop_path2): Identity()
      )
      (4): Block(
        (norm1): LayerNorm((768,), eps=1e-06, elementwise_affine=True)
        (attn): Attention(
          (qkv): Linear(in_features=768, out_features=2304, bias=True)
          (q_norm): Identity()
          (k_norm): Identity()
          (attn_drop): Dropout(p=0.0, inplace=False)
          (proj): Linear(in_features=768, out_features=768, bias=True)
          (proj_drop): Dropout(p=0.0, inplace=False)
        )
        (ls1): LayerScale()
        (drop_path1): Identity()
        (norm2): LayerNorm((768,), eps=1e-06, elementwise_affine=True)
        (mlp): Mlp(
          (fc1): Linear(in_features=768, out_features=3072, bias=True)
          (act): GELU(approximate='none')
          (drop1): Dropout(p=0.0, inplace=False)
          (norm): Identity()
          (fc2): Linear(in_features=3072, out_features=768, bias=True)
          (drop2): Dropout(p=0.0, inplace=False)
        )
        (ls2): LayerScale()
        (drop_path2): Identity()
      )
      (5): Block(
        (norm1): LayerNorm((768,), eps=1e-06, elementwise_affine=True)
        (attn): Attention(
          (qkv): Linear(in_features=768, out_features=2304, bias=True)
          (q_norm): Identity()
          (k_norm): Identity()
          (attn_drop): Dropout(p=0.0, inplace=False)
          (proj): Linear(in_features=768, out_features=768, bias=True)
          (proj_drop): Dropout(p=0.0, inplace=False)
        )
        (ls1): LayerScale()
        (drop_path1): Identity()
        (norm2): LayerNorm((768,), eps=1e-06, elementwise_affine=True)
        (mlp): Mlp(
          (fc1): Linear(in_features=768, out_features=3072, bias=True)
          (act): GELU(approximate='none')
          (drop1): Dropout(p=0.0, inplace=False)
          (norm): Identity()
          (fc2): Linear(in_features=3072, out_features=768, bias=True)
          (drop2): Dropout(p=0.0, inplace=False)
        )
        (ls2): LayerScale()
        (drop_path2): Identity()
      )
      (6): Block(
        (norm1): LayerNorm((768,), eps=1e-06, elementwise_affine=True)
        (attn): Attention(
          (qkv): Linear(in_features=768, out_features=2304, bias=True)
          (q_norm): Identity()
          (k_norm): Identity()
          (attn_drop): Dropout(p=0.0, inplace=False)
          (proj): Linear(in_features=768, out_features=768, bias=True)
          (proj_drop): Dropout(p=0.0, inplace=False)
        )
        (ls1): LayerScale()
        (drop_path1): Identity()
        (norm2): LayerNorm((768,), eps=1e-06, elementwise_affine=True)
        (mlp): Mlp(
          (fc1): Linear(in_features=768, out_features=3072, bias=True)
          (act): GELU(approximate='none')
          (drop1): Dropout(p=0.0, inplace=False)
          (norm): Identity()
          (fc2): Linear(in_features=3072, out_features=768, bias=True)
          (drop2): Dropout(p=0.0, inplace=False)
        )
        (ls2): LayerScale()
        (drop_path2): Identity()
      )
      (7): Block(
        (norm1): LayerNorm((768,), eps=1e-06, elementwise_affine=True)
        (attn): Attention(
          (qkv): Linear(in_features=768, out_features=2304, bias=True)
          (q_norm): Identity()
          (k_norm): Identity()
          (attn_drop): Dropout(p=0.0, inplace=False)
          (proj): Linear(in_features=768, out_features=768, bias=True)
          (proj_drop): Dropout(p=0.0, inplace=False)
        )
        (ls1): LayerScale()
        (drop_path1): Identity()
        (norm2): LayerNorm((768,), eps=1e-06, elementwise_affine=True)
        (mlp): Mlp(
          (fc1): Linear(in_features=768, out_features=3072, bias=True)
          (act): GELU(approximate='none')
          (drop1): Dropout(p=0.0, inplace=False)
          (norm): Identity()
          (fc2): Linear(in_features=3072, out_features=768, bias=True)
          (drop2): Dropout(p=0.0, inplace=False)
        )
        (ls2): LayerScale()
        (drop_path2): Identity()
      )
      (8): Block(
        (norm1): LayerNorm((768,), eps=1e-06, elementwise_affine=True)
        (attn): Attention(
          (qkv): Linear(in_features=768, out_features=2304, bias=True)
          (q_norm): Identity()
          (k_norm): Identity()
          (attn_drop): Dropout(p=0.0, inplace=False)
          (proj): Linear(in_features=768, out_features=768, bias=True)
          (proj_drop): Dropout(p=0.0, inplace=False)
        )
        (ls1): LayerScale()
        (drop_path1): Identity()
        (norm2): LayerNorm((768,), eps=1e-06, elementwise_affine=True)
        (mlp): Mlp(
          (fc1): Linear(in_features=768, out_features=3072, bias=True)
          (act): GELU(approximate='none')
          (drop1): Dropout(p=0.0, inplace=False)
          (norm): Identity()
          (fc2): Linear(in_features=3072, out_features=768, bias=True)
          (drop2): Dropout(p=0.0, inplace=False)
        )
        (ls2): LayerScale()
        (drop_path2): Identity()
      )
      (9): Block(
        (norm1): LayerNorm((768,), eps=1e-06, elementwise_affine=True)
        (attn): Attention(
          (qkv): Linear(in_features=768, out_features=2304, bias=True)
          (q_norm): Identity()
          (k_norm): Identity()
          (attn_drop): Dropout(p=0.0, inplace=False)
          (proj): Linear(in_features=768, out_features=768, bias=True)
          (proj_drop): Dropout(p=0.0, inplace=False)
        )
        (ls1): LayerScale()
        (drop_path1): Identity()
        (norm2): LayerNorm((768,), eps=1e-06, elementwise_affine=True)
        (mlp): Mlp(
          (fc1): Linear(in_features=768, out_features=3072, bias=True)
          (act): GELU(approximate='none')
          (drop1): Dropout(p=0.0, inplace=False)
          (norm): Identity()
          (fc2): Linear(in_features=3072, out_features=768, bias=True)
          (drop2): Dropout(p=0.0, inplace=False)
        )
        (ls2): LayerScale()
        (drop_path2): Identity()
      )
      (10): Block(
        (norm1): LayerNorm((768,), eps=1e-06, elementwise_affine=True)
        (attn): Attention(
          (qkv): Linear(in_features=768, out_features=2304, bias=True)
          (q_norm): Identity()
          (k_norm): Identity()
          (attn_drop): Dropout(p=0.0, inplace=False)
          (proj): Linear(in_features=768, out_features=768, bias=True)
          (proj_drop): Dropout(p=0.0, inplace=False)
        )
        (ls1): LayerScale()
        (drop_path1): Identity()
        (norm2): LayerNorm((768,), eps=1e-06, elementwise_affine=True)
        (mlp): Mlp(
          (fc1): Linear(in_features=768, out_features=3072, bias=True)
          (act): GELU(approximate='none')
          (drop1): Dropout(p=0.0, inplace=False)
          (norm): Identity()
          (fc2): Linear(in_features=3072, out_features=768, bias=True)
          (drop2): Dropout(p=0.0, inplace=False)
        )
        (ls2): LayerScale()
        (drop_path2): Identity()
      )
      (11): Block(
        (norm1): LayerNorm((768,), eps=1e-06, elementwise_affine=True)
        (attn): Attention(
          (qkv): Linear(in_features=768, out_features=2304, bias=True)
          (q_norm): Identity()
          (k_norm): Identity()
          (attn_drop): Dropout(p=0.0, inplace=False)
          (proj): Linear(in_features=768, out_features=768, bias=True)
          (proj_drop): Dropout(p=0.0, inplace=False)
        )
        (ls1): LayerScale()
        (drop_path1): Identity()
        (norm2): LayerNorm((768,), eps=1e-06, elementwise_affine=True)
        (mlp): Mlp(
          (fc1): Linear(in_features=768, out_features=3072, bias=True)
          (act): GELU(approximate='none')
          (drop1): Dropout(p=0.0, inplace=False)
          (norm): Identity()
          (fc2): Linear(in_features=3072, out_features=768, bias=True)
          (drop2): Dropout(p=0.0, inplace=False)
        )
        (ls2): LayerScale()
        (drop_path2): Identity()
      )
    )
    (norm): LayerNorm((768,), eps=1e-06, elementwise_affine=True)
    (fc_norm): Identity()
    (head_drop): Dropout(p=0.0, inplace=False)
    (head): Identity()
  )
  (linear): Linear(in_features=1536, out_features=7806, bias=True)
  (blocks): ModuleList(
    (0-5): 6 x Block(
      (norm1): LayerNorm((768,), eps=1e-05, elementwise_affine=True)
      (attn): Attention(
        (qkv): Linear(in_features=768, out_features=2304, bias=True)
        (attn_drop): Dropout(p=0.0, inplace=False)
        (proj): Linear(in_features=768, out_features=768, bias=True)
        (proj_drop): Dropout(p=0.0, inplace=False)
      )
      (drop_path): Identity()
      (norm2): LayerNorm((768,), eps=1e-05, elementwise_affine=True)
      (mlp): MLP(
        (fc1): Linear(in_features=768, out_features=3072, bias=True)
        (act): GELU(approximate='none')
        (fc2): Linear(in_features=3072, out_features=768, bias=True)
        (drop): Dropout(p=0.0, inplace=False)
      )
    )
  )
  (norm): LayerNorm((768,), eps=1e-05, elementwise_affine=True)
)
Loading state_dict: <All keys matched successfully>
Iteration:0.04748338081671415 %
Max mem allocated: 0.8312840461730957
Iteration:0.5223171889838557 %
Max mem allocated: 57.6297287940979
Iteration:0.9971509971509971 %
Max mem allocated: 57.6297287940979
Iteration:1.4719848053181388 %
Max mem allocated: 57.6297287940979
Iteration:1.94681861348528 %
Max mem allocated: 57.6297287940979
Iteration:2.4216524216524213 %
Max mem allocated: 57.6297287940979
Iteration:2.8964862298195633 %
Max mem allocated: 57.6297287940979
Iteration:3.3713200379867048 %
Max mem allocated: 57.6297287940979
Iteration:3.8461538461538463 %
Max mem allocated: 57.98609399795532
Iteration:4.320987654320987 %
Max mem allocated: 57.98609399795532
Iteration:4.795821462488129 %
Max mem allocated: 57.98609399795532
Iteration:5.270655270655271 %
Max mem allocated: 57.98609399795532
Iteration:5.745489078822412 %
Max mem allocated: 57.98609399795532
Iteration:6.220322886989553 %
Max mem allocated: 57.98609399795532
Iteration:6.695156695156696 %
Max mem allocated: 57.98609399795532
Iteration:7.169990503323836 %
Max mem allocated: 57.98609399795532
Iteration:7.644824311490978 %
Max mem allocated: 57.98609399795532
Iteration:8.11965811965812 %
Max mem allocated: 57.98609399795532
Iteration:8.594491927825262 %
Max mem allocated: 57.98609399795532
Iteration:9.069325735992402 %
Max mem allocated: 57.98609399795532
Iteration:9.544159544159545 %
Max mem allocated: 57.98609399795532
Iteration:10.018993352326685 %
Max mem allocated: 57.98609399795532
Iteration:10.493827160493826 %
Max mem allocated: 57.98609399795532
Iteration:10.968660968660968 %
Max mem allocated: 57.98609399795532
Iteration:11.44349477682811 %
Max mem allocated: 57.98609399795532
Iteration:11.918328584995251 %
Max mem allocated: 57.98609399795532
Iteration:12.393162393162394 %
Max mem allocated: 57.98609399795532
Iteration:12.867996201329534 %
Max mem allocated: 57.98609399795532
Iteration:13.342830009496677 %
Max mem allocated: 57.98609399795532
Iteration:13.817663817663817 %
Max mem allocated: 57.98609399795532
Iteration:14.292497625830961 %
Max mem allocated: 57.98609399795532
Iteration:14.767331433998102 %
Max mem allocated: 57.98609399795532
Iteration:15.242165242165242 %
Max mem allocated: 57.98609399795532
Iteration:15.716999050332383 %
Max mem allocated: 57.98609399795532
Iteration:16.191832858499524 %
Max mem allocated: 57.98609399795532
Iteration:16.666666666666664 %
Max mem allocated: 57.98609399795532
Iteration:17.14150047483381 %
Max mem allocated: 57.98609399795532
Iteration:17.61633428300095 %
Max mem allocated: 57.98609399795532
Iteration:18.091168091168093 %
Max mem allocated: 57.98609399795532
Iteration:18.566001899335234 %
Max mem allocated: 57.98609399795532
Iteration:19.040835707502374 %
Max mem allocated: 57.98609399795532
Iteration:19.515669515669515 %
Max mem allocated: 57.98609399795532
Iteration:19.990503323836656 %
Max mem allocated: 57.98609399795532
Iteration:20.4653371320038 %
Max mem allocated: 57.98609399795532
Iteration:20.94017094017094 %
Max mem allocated: 57.98609399795532
Iteration:21.41500474833808 %
Max mem allocated: 57.98609399795532
Iteration:21.88983855650522 %
Max mem allocated: 57.98609399795532
Iteration:22.364672364672362 %
Max mem allocated: 57.98609399795532
Iteration:22.839506172839506 %
Max mem allocated: 57.98609399795532
Iteration:23.314339981006647 %
Max mem allocated: 58.29845428466797
Iteration:23.78917378917379 %
Max mem allocated: 58.29845428466797
Iteration:24.26400759734093 %
Max mem allocated: 58.29845428466797
Iteration:24.738841405508072 %
Max mem allocated: 58.29845428466797
Iteration:25.213675213675213 %
Max mem allocated: 58.29845428466797
Iteration:25.688509021842354 %
Max mem allocated: 58.29845428466797
Iteration:26.163342830009494 %
Max mem allocated: 58.29845428466797
Iteration:26.638176638176635 %
Max mem allocated: 58.29845428466797
Iteration:27.11301044634378 %
Max mem allocated: 58.29845428466797
Iteration:27.587844254510923 %
Max mem allocated: 58.29845428466797
Iteration:28.062678062678064 %
Max mem allocated: 58.29845428466797
Iteration:28.537511870845204 %
Max mem allocated: 58.29845428466797
Iteration:29.01234567901235 %
Max mem allocated: 58.29845428466797
Iteration:29.48717948717949 %
Max mem allocated: 58.29845428466797
Iteration:29.96201329534663 %
Max mem allocated: 58.29845428466797
Iteration:30.43684710351377 %
Max mem allocated: 58.29845428466797
Iteration:30.91168091168091 %
Max mem allocated: 58.29845428466797
Iteration:31.38651471984805 %
Max mem allocated: 58.29845428466797
Iteration:31.861348528015192 %
Max mem allocated: 58.29845428466797
Iteration:32.33618233618233 %
Max mem allocated: 58.29845428466797
Iteration:32.81101614434947 %
Max mem allocated: 58.29845428466797
Iteration:33.28584995251662 %
Max mem allocated: 58.29845428466797
Iteration:33.76068376068376 %
Max mem allocated: 58.29845428466797
Iteration:34.2355175688509 %
Max mem allocated: 58.29845428466797
Iteration:34.71035137701804 %
Max mem allocated: 58.29845428466797
Iteration:35.18518518518518 %
Max mem allocated: 58.29845428466797
Iteration:35.660018993352324 %
Max mem allocated: 58.29845428466797
Iteration:36.13485280151947 %
Max mem allocated: 58.29845428466797
Iteration:36.60968660968661 %
Max mem allocated: 58.29845428466797
Iteration:37.08452041785375 %
Max mem allocated: 58.29845428466797
Iteration:37.55935422602089 %
Max mem allocated: 58.29845428466797
Iteration:38.034188034188034 %
Max mem allocated: 58.29845428466797
Iteration:38.509021842355175 %
Max mem allocated: 58.29845428466797
Iteration:38.98385565052232 %
Max mem allocated: 58.29845428466797
Iteration:39.45868945868946 %
Max mem allocated: 58.29845428466797
Iteration:39.933523266856604 %
Max mem allocated: 58.29845428466797
Iteration:40.408357075023744 %
Max mem allocated: 58.29845428466797
Iteration:40.883190883190885 %
Max mem allocated: 58.29845428466797
Iteration:41.358024691358025 %
Max mem allocated: 58.29845428466797
Iteration:41.832858499525166 %
Max mem allocated: 58.29845428466797
Iteration:42.30769230769231 %
Max mem allocated: 58.29845428466797
Iteration:42.78252611585945 %
Max mem allocated: 58.29845428466797
Iteration:43.25735992402659 %
Max mem allocated: 58.29845428466797
Iteration:43.73219373219373 %
Max mem allocated: 58.29845428466797
Iteration:44.20702754036087 %
Max mem allocated: 58.29845428466797
Iteration:44.68186134852801 %
Max mem allocated: 58.29845428466797
Iteration:45.15669515669516 %
Max mem allocated: 58.29845428466797
Iteration:45.6315289648623 %
Max mem allocated: 58.29845428466797
Iteration:46.10636277302944 %
Max mem allocated: 58.29845428466797
Iteration:46.58119658119658 %
Max mem allocated: 58.29845428466797
Iteration:47.05603038936373 %
Max mem allocated: 58.29845428466797
Iteration:47.53086419753087 %
Max mem allocated: 58.29845428466797
Iteration:48.00569800569801 %
Max mem allocated: 58.29845428466797
Iteration:48.48053181386515 %
Max mem allocated: 58.29845428466797
Iteration:48.95536562203229 %
Max mem allocated: 58.29845428466797
Iteration:49.43019943019943 %
Max mem allocated: 58.29845428466797
Iteration:49.90503323836657 %
Max mem allocated: 58.29845428466797
Iteration:50.37986704653371 %
Max mem allocated: 58.29845428466797
Iteration:50.85470085470085 %
Max mem allocated: 58.29845428466797
Iteration:51.32953466286799 %
Max mem allocated: 58.29845428466797
Iteration:51.80436847103513 %
Max mem allocated: 58.29845428466797
Iteration:52.27920227920227 %
Max mem allocated: 58.29845428466797
Iteration:52.754036087369414 %
Max mem allocated: 58.29845428466797
Iteration:53.228869895536555 %
Max mem allocated: 58.29845428466797
Iteration:53.70370370370371 %
Max mem allocated: 58.29845428466797
Iteration:54.17853751187085 %
Max mem allocated: 58.29845428466797
Iteration:54.65337132003799 %
Max mem allocated: 58.29845428466797
Iteration:55.12820512820513 %
Max mem allocated: 58.29845428466797
Iteration:55.60303893637227 %
Max mem allocated: 58.29845428466797
Iteration:56.07787274453941 %
Max mem allocated: 58.29845428466797
Iteration:56.55270655270655 %
Max mem allocated: 58.29845428466797
Iteration:57.027540360873694 %
Max mem allocated: 58.29845428466797
Iteration:57.502374169040834 %
Max mem allocated: 58.29845428466797
Iteration:57.97720797720798 %
Max mem allocated: 58.29845428466797
Iteration:58.45204178537512 %
Max mem allocated: 58.29845428466797
Iteration:58.92687559354226 %
Max mem allocated: 58.29845428466797
Iteration:59.401709401709404 %
Max mem allocated: 58.29845428466797
Iteration:59.876543209876544 %
Max mem allocated: 58.29845428466797
Iteration:60.351377018043685 %
Max mem allocated: 58.29845428466797
Iteration:60.826210826210826 %
Max mem allocated: 58.29845428466797
Iteration:61.301044634377966 %
Max mem allocated: 58.29845428466797
Iteration:61.77587844254511 %
Max mem allocated: 58.29845428466797
Iteration:62.25071225071225 %
Max mem allocated: 58.29845428466797
Iteration:62.72554605887939 %
Max mem allocated: 58.29845428466797
Iteration:63.20037986704653 %
Max mem allocated: 58.29845428466797
Iteration:63.67521367521367 %
Max mem allocated: 58.29845428466797
Iteration:64.15004748338082 %
Max mem allocated: 58.29845428466797
Iteration:64.62488129154795 %
Max mem allocated: 58.29845428466797
Iteration:65.0997150997151 %
Max mem allocated: 58.29845428466797
Iteration:65.57454890788225 %
Max mem allocated: 58.29845428466797
Iteration:66.0493827160494 %
Max mem allocated: 58.29845428466797
Iteration:66.52421652421653 %
Max mem allocated: 58.29845428466797
Iteration:66.99905033238367 %
Max mem allocated: 58.29845428466797
Iteration:67.47388414055081 %
Max mem allocated: 58.29845428466797
Iteration:67.94871794871796 %
Max mem allocated: 58.29845428466797
Iteration:68.42355175688509 %
Max mem allocated: 58.29845428466797
Iteration:68.89838556505224 %
Max mem allocated: 58.29845428466797
Iteration:69.37321937321937 %
Max mem allocated: 58.29845428466797
Iteration:69.84805318138652 %
Max mem allocated: 58.29845428466797
Iteration:70.32288698955365 %
Max mem allocated: 58.29845428466797
Iteration:70.7977207977208 %
Max mem allocated: 58.29845428466797
Iteration:71.27255460588793 %
Max mem allocated: 58.29845428466797
Iteration:71.74738841405508 %
Max mem allocated: 58.29845428466797
Iteration:72.22222222222221 %
